E:\antigravity\flight-optimizer\FlightOptimizer.Infrastructure\Services\GraphEngine.cs(116,43): error CS0117: 'RouteCriteria' does not contain a definition for 'Price' [E:\antigravity\flight-optimizer\FlightOptimizer.Infrastructure\FlightOptimizer.Infrastructure.csproj]

Build FAILED.
    3 Warning(s)
    1 Error(s)

Time Elapsed 00:00:02.70
